   1              		.cpu arm7tdmi
   2              		.fpu softvfp
   3              		.eabi_attribute 20, 1
   4              		.eabi_attribute 21, 1
   5              		.eabi_attribute 23, 3
   6              		.eabi_attribute 24, 1
   7              		.eabi_attribute 25, 1
   8              		.eabi_attribute 26, 1
   9              		.eabi_attribute 30, 6
  10              		.eabi_attribute 18, 4
  11              		.file	"kernelcoop.c"
  21              	.Ltext0:
  22              		.file 1 "../kernelcoop.c"
 1682              		.align	2
 1683              	tasks:
 1684 0000 00000000 		.space	160
 1684      00000000 
 1684      00000000 
 1684      00000000 
 1684      00000000 
 1685              		.text
 1686              		.align	2
 1687              		.global	delete_task
 1689              	delete_task:
 1690              	.LFB0:
   1:../kernelcoop.c **** /*-------------------------------------------------------------------
   2:../kernelcoop.c **** **
   3:../kernelcoop.c **** **  Fichero:
   4:../kernelcoop.c **** **    kernelcoop.c  12/1/2021
   5:../kernelcoop.c **** **
   6:../kernelcoop.c **** **    (c) J.M. Mendias
   7:../kernelcoop.c **** **    Programación de Sistemas y Dispositivos
   8:../kernelcoop.c **** **    Facultad de Informática. Universidad Complutense de Madrid
   9:../kernelcoop.c **** **
  10:../kernelcoop.c **** **  Propósito:
  11:../kernelcoop.c **** **    Kernel de planificación no expropiativa de tareas cooperativas
  12:../kernelcoop.c **** **
  13:../kernelcoop.c **** **  Notas de diseño:
  14:../kernelcoop.c **** **
  15:../kernelcoop.c **** **-----------------------------------------------------------------*/
  16:../kernelcoop.c **** 
  17:../kernelcoop.c **** #include "kernelcoop.h"
  18:../kernelcoop.c **** #include <s3c44b0x.h>
  19:../kernelcoop.c **** 
  20:../kernelcoop.c **** static task_t tasks[MAX_TASKS];   /* Lista ordenada de TCBs */
  21:../kernelcoop.c **** 
  22:../kernelcoop.c **** void delete_task( uint32 id )
  23:../kernelcoop.c **** {
 1691              		.loc 1 23 0
 1692              		.cfi_startproc
 1693              		@ Function supports interworking.
 1694              		@ args = 0, pretend = 0, frame = 8
 1695              		@ frame_needed = 1, uses_anonymous_args = 0
 1696 0000 0DC0A0E1 		mov	ip, sp
 1697              	.LCFI0:
 1698              		.cfi_def_cfa_register 12
 1699 0004 00D82DE9 		stmfd	sp!, {fp, ip, lr, pc}
 1700 0008 04B04CE2 		sub	fp, ip, #4
 1701              		.cfi_offset 14, -8
 1702              		.cfi_offset 13, -12
 1703              		.cfi_offset 11, -16
 1704              	.LCFI1:
 1705              		.cfi_def_cfa 11, 4
 1706 000c 08D04DE2 		sub	sp, sp, #8
 1707 0010 10000BE5 		str	r0, [fp, #-16]
  24:../kernelcoop.c ****     tasks[id].pfunction = NULL;
 1708              		.loc 1 24 0
 1709 0014 74309FE5 		ldr	r3, .L2
 1710 0018 10201BE5 		ldr	r2, [fp, #-16]
 1711 001c 0010A0E3 		mov	r1, #0
 1712 0020 021283E7 		str	r1, [r3, r2, asl #4]
  25:../kernelcoop.c ****     tasks[id].period = 0; 
 1713              		.loc 1 25 0
 1714 0024 64109FE5 		ldr	r1, .L2
 1715 0028 10201BE5 		ldr	r2, [fp, #-16]
 1716 002c 0430A0E3 		mov	r3, #4
 1717 0030 0222A0E1 		mov	r2, r2, asl #4
 1718 0034 022081E0 		add	r2, r1, r2
 1719 0038 033082E0 		add	r3, r2, r3
 1720 003c 0020A0E3 		mov	r2, #0
 1721 0040 002083E5 		str	r2, [r3, #0]
  26:../kernelcoop.c ****     tasks[id].ticks = 0;
 1722              		.loc 1 26 0
 1723 0044 44109FE5 		ldr	r1, .L2
 1724 0048 10201BE5 		ldr	r2, [fp, #-16]
 1725 004c 0830A0E3 		mov	r3, #8
 1726 0050 0222A0E1 		mov	r2, r2, asl #4
 1727 0054 022081E0 		add	r2, r1, r2
 1728 0058 033082E0 		add	r3, r2, r3
 1729 005c 0020A0E3 		mov	r2, #0
 1730 0060 002083E5 		str	r2, [r3, #0]
  27:../kernelcoop.c ****     tasks[id].ready = FALSE;     
 1731              		.loc 1 27 0
 1732 0064 24109FE5 		ldr	r1, .L2
 1733 0068 10201BE5 		ldr	r2, [fp, #-16]
 1734 006c 0830A0E3 		mov	r3, #8
 1735 0070 0222A0E1 		mov	r2, r2, asl #4
 1736 0074 022081E0 		add	r2, r1, r2
 1737 0078 033082E0 		add	r3, r2, r3
 1738 007c 0020A0E3 		mov	r2, #0
 1739 0080 0420C3E5 		strb	r2, [r3, #4]
  28:../kernelcoop.c **** }
 1740              		.loc 1 28 0
 1741 0084 0CD04BE2 		sub	sp, fp, #12
 1742 0088 00689DE8 		ldmfd	sp, {fp, sp, lr}
 1743 008c 1EFF2FE1 		bx	lr
 1744              	.L3:
 1745              		.align	2
 1746              	.L2:
 1747 0090 00000000 		.word	tasks
 1748              		.cfi_endproc
 1749              	.LFE0:
 1751              		.align	2
 1752              		.global	create_task
 1754              	create_task:
 1755              	.LFB1:
  29:../kernelcoop.c **** 
  30:../kernelcoop.c **** uint32 create_task( void (*pfunction)( void ), uint32 period )
  31:../kernelcoop.c **** {
 1756              		.loc 1 31 0
 1757              		.cfi_startproc
 1758              		@ Function supports interworking.
 1759              		@ args = 0, pretend = 0, frame = 16
 1760              		@ frame_needed = 1, uses_anonymous_args = 0
 1761 0094 0DC0A0E1 		mov	ip, sp
 1762              	.LCFI2:
 1763              		.cfi_def_cfa_register 12
 1764 0098 00D82DE9 		stmfd	sp!, {fp, ip, lr, pc}
 1765 009c 04B04CE2 		sub	fp, ip, #4
 1766              		.cfi_offset 14, -8
 1767              		.cfi_offset 13, -12
 1768              		.cfi_offset 11, -16
 1769              	.LCFI3:
 1770              		.cfi_def_cfa 11, 4
 1771 00a0 10D04DE2 		sub	sp, sp, #16
 1772 00a4 18000BE5 		str	r0, [fp, #-24]
 1773 00a8 1C100BE5 		str	r1, [fp, #-28]
  32:../kernelcoop.c ****     uint32 id;
  33:../kernelcoop.c ****     
  34:../kernelcoop.c ****     for( id=0; id<MAX_TASKS && tasks[id].pfunction ; id++ ); /* Busca la primera entrada libre (con
 1774              		.loc 1 34 0
 1775 00ac 0030A0E3 		mov	r3, #0
 1776 00b0 10300BE5 		str	r3, [fp, #-16]
 1777 00b4 020000EA 		b	.L5
 1778              	.L7:
 1779              		.loc 1 34 0 is_stmt 0 discriminator 1
 1780 00b8 10301BE5 		ldr	r3, [fp, #-16]
 1781 00bc 013083E2 		add	r3, r3, #1
 1782 00c0 10300BE5 		str	r3, [fp, #-16]
 1783              	.L5:
 1784 00c4 10301BE5 		ldr	r3, [fp, #-16]
 1785 00c8 090053E3 		cmp	r3, #9
 1786 00cc 0400008A 		bhi	.L6
 1787              		.loc 1 34 0 discriminator 2
 1788 00d0 9C309FE5 		ldr	r3, .L8
 1789 00d4 10201BE5 		ldr	r2, [fp, #-16]
 1790 00d8 023293E7 		ldr	r3, [r3, r2, asl #4]
 1791 00dc 000053E3 		cmp	r3, #0
 1792 00e0 F4FFFF1A 		bne	.L7
 1793              	.L6:
  35:../kernelcoop.c ****     
  36:../kernelcoop.c ****     tasks[id].pfunction = pfunction;
 1794              		.loc 1 36 0 is_stmt 1
 1795 00e4 88309FE5 		ldr	r3, .L8
 1796 00e8 10201BE5 		ldr	r2, [fp, #-16]
 1797 00ec 18101BE5 		ldr	r1, [fp, #-24]
 1798 00f0 021283E7 		str	r1, [r3, r2, asl #4]
  37:../kernelcoop.c ****     tasks[id].period = period; 
 1799              		.loc 1 37 0
 1800 00f4 78109FE5 		ldr	r1, .L8
 1801 00f8 10201BE5 		ldr	r2, [fp, #-16]
 1802 00fc 0430A0E3 		mov	r3, #4
 1803 0100 0222A0E1 		mov	r2, r2, asl #4
 1804 0104 022081E0 		add	r2, r1, r2
 1805 0108 033082E0 		add	r3, r2, r3
 1806 010c 1C201BE5 		ldr	r2, [fp, #-28]
 1807 0110 002083E5 		str	r2, [r3, #0]
  38:../kernelcoop.c ****     tasks[id].ticks = 0;
 1808              		.loc 1 38 0
 1809 0114 58109FE5 		ldr	r1, .L8
 1810 0118 10201BE5 		ldr	r2, [fp, #-16]
 1811 011c 0830A0E3 		mov	r3, #8
 1812 0120 0222A0E1 		mov	r2, r2, asl #4
 1813 0124 022081E0 		add	r2, r1, r2
 1814 0128 033082E0 		add	r3, r2, r3
 1815 012c 0020A0E3 		mov	r2, #0
 1816 0130 002083E5 		str	r2, [r3, #0]
  39:../kernelcoop.c ****     tasks[id].ready = FALSE;     
 1817              		.loc 1 39 0
 1818 0134 38109FE5 		ldr	r1, .L8
 1819 0138 10201BE5 		ldr	r2, [fp, #-16]
 1820 013c 0830A0E3 		mov	r3, #8
 1821 0140 0222A0E1 		mov	r2, r2, asl #4
 1822 0144 022081E0 		add	r2, r1, r2
 1823 0148 033082E0 		add	r3, r2, r3
 1824 014c 0020A0E3 		mov	r2, #0
 1825 0150 0420C3E5 		strb	r2, [r3, #4]
  40:../kernelcoop.c ****         
  41:../kernelcoop.c ****     (*pfunction)();     /* Asume que la primera llamada a la tarea la inicializa */
 1826              		.loc 1 41 0
 1827 0154 18301BE5 		ldr	r3, [fp, #-24]
 1828 0158 0FE0A0E1 		mov	lr, pc
 1829 015c 13FF2FE1 		bx	r3
  42:../kernelcoop.c **** 
  43:../kernelcoop.c ****     return id;    
 1830              		.loc 1 43 0
 1831 0160 10301BE5 		ldr	r3, [fp, #-16]
  44:../kernelcoop.c **** }
 1832              		.loc 1 44 0
 1833 0164 0300A0E1 		mov	r0, r3
 1834 0168 0CD04BE2 		sub	sp, fp, #12
 1835 016c 00689DE8 		ldmfd	sp, {fp, sp, lr}
 1836 0170 1EFF2FE1 		bx	lr
 1837              	.L9:
 1838              		.align	2
 1839              	.L8:
 1840 0174 00000000 		.word	tasks
 1841              		.cfi_endproc
 1842              	.LFE1:
 1844              		.align	2
 1845              		.global	scheduler_init
 1847              	scheduler_init:
 1848              	.LFB2:
  45:../kernelcoop.c **** 
  46:../kernelcoop.c **** void scheduler_init( void )
  47:../kernelcoop.c **** {
 1849              		.loc 1 47 0
 1850              		.cfi_startproc
 1851              		@ Function supports interworking.
 1852              		@ args = 0, pretend = 0, frame = 8
 1853              		@ frame_needed = 1, uses_anonymous_args = 0
 1854 0178 0DC0A0E1 		mov	ip, sp
 1855              	.LCFI4:
 1856              		.cfi_def_cfa_register 12
 1857 017c 00D82DE9 		stmfd	sp!, {fp, ip, lr, pc}
 1858 0180 04B04CE2 		sub	fp, ip, #4
 1859              		.cfi_offset 14, -8
 1860              		.cfi_offset 13, -12
 1861              		.cfi_offset 11, -16
 1862              	.LCFI5:
 1863              		.cfi_def_cfa 11, 4
 1864 0184 08D04DE2 		sub	sp, sp, #8
  48:../kernelcoop.c ****     uint32 id;
  49:../kernelcoop.c ****     
  50:../kernelcoop.c ****     for( id=0; id<MAX_TASKS; id++ )
 1865              		.loc 1 50 0
 1866 0188 0030A0E3 		mov	r3, #0
 1867 018c 10300BE5 		str	r3, [fp, #-16]
 1868 0190 040000EA 		b	.L11
 1869              	.L12:
  51:../kernelcoop.c ****         delete_task( id );
 1870              		.loc 1 51 0 discriminator 2
 1871 0194 10001BE5 		ldr	r0, [fp, #-16]
 1872 0198 FEFFFFEB 		bl	delete_task
  50:../kernelcoop.c ****     for( id=0; id<MAX_TASKS; id++ )
 1873              		.loc 1 50 0 discriminator 2
 1874 019c 10301BE5 		ldr	r3, [fp, #-16]
 1875 01a0 013083E2 		add	r3, r3, #1
 1876 01a4 10300BE5 		str	r3, [fp, #-16]
 1877              	.L11:
  50:../kernelcoop.c ****     for( id=0; id<MAX_TASKS; id++ )
 1878              		.loc 1 50 0 is_stmt 0 discriminator 1
 1879 01a8 10301BE5 		ldr	r3, [fp, #-16]
 1880 01ac 090053E3 		cmp	r3, #9
 1881 01b0 F7FFFF9A 		bls	.L12
  52:../kernelcoop.c **** };
 1882              		.loc 1 52 0 is_stmt 1
 1883 01b4 0CD04BE2 		sub	sp, fp, #12
 1884 01b8 00689DE8 		ldmfd	sp, {fp, sp, lr}
 1885 01bc 1EFF2FE1 		bx	lr
 1886              		.cfi_endproc
 1887              	.LFE2:
 1889              		.align	2
 1890              		.global	scheduler
 1892              	scheduler:
 1893              	.LFB3:
  53:../kernelcoop.c **** 
  54:../kernelcoop.c **** void scheduler( void ) /* Esta funcion es la ISR del timer0 */
  55:../kernelcoop.c **** {
 1894              		.loc 1 55 0
 1895              		.cfi_startproc
 1896              		@ Interrupt Service Routine.
 1897              		@ args = 0, pretend = 0, frame = 8
 1898              		@ frame_needed = 1, uses_anonymous_args = 0
 1899 01c0 04C02DE5 		str	ip, [sp, #-4]!
 1900 01c4 0DC0A0E1 		mov	ip, sp
 1901              	.LCFI6:
 1902              		.cfi_def_cfa_register 12
 1903 01c8 0FD82DE9 		stmfd	sp!, {r0, r1, r2, r3, fp, ip, lr, pc}
 1904 01cc 04B04CE2 		sub	fp, ip, #4
 1905              		.cfi_offset 14, -8
 1906              		.cfi_offset 13, -12
 1907              		.cfi_offset 11, -16
 1908              		.cfi_offset 3, -20
 1909              		.cfi_offset 2, -24
 1910              		.cfi_offset 1, -28
 1911              		.cfi_offset 0, -32
 1912              	.LCFI7:
 1913              		.cfi_def_cfa 11, 4
 1914 01d0 08D04DE2 		sub	sp, sp, #8
  56:../kernelcoop.c ****     uint32 id;
  57:../kernelcoop.c ****     
  58:../kernelcoop.c ****     I_ISPC = BIT_TIMER0;    /* Borra el bit de interrupción pendiente */
 1915              		.loc 1 58 0
 1916 01d4 08319FE5 		ldr	r3, .L17
 1917 01d8 022AA0E3 		mov	r2, #8192
 1918 01dc 002083E5 		str	r2, [r3, #0]
  59:../kernelcoop.c **** 
  60:../kernelcoop.c ****     for( id=0; id<MAX_TASKS; id++ )                     /* Recorre la lista completa de TCB */
 1919              		.loc 1 60 0
 1920 01e0 0030A0E3 		mov	r3, #0
 1921 01e4 20300BE5 		str	r3, [fp, #-32]
 1922 01e8 360000EA 		b	.L14
 1923              	.L16:
  61:../kernelcoop.c ****         if( tasks[id].pfunction )
 1924              		.loc 1 61 0
 1925 01ec F4309FE5 		ldr	r3, .L17+4
 1926 01f0 20201BE5 		ldr	r2, [fp, #-32]
 1927 01f4 023293E7 		ldr	r3, [r3, r2, asl #4]
 1928 01f8 000053E3 		cmp	r3, #0
 1929 01fc 2E00000A 		beq	.L15
  62:../kernelcoop.c ****             if( ++tasks[id].ticks == tasks[id].period ) /* Si el contador de ticks equivale a su pe
 1930              		.loc 1 62 0
 1931 0200 E0109FE5 		ldr	r1, .L17+4
 1932 0204 20201BE5 		ldr	r2, [fp, #-32]
 1933 0208 0830A0E3 		mov	r3, #8
 1934 020c 0222A0E1 		mov	r2, r2, asl #4
 1935 0210 022081E0 		add	r2, r1, r2
 1936 0214 033082E0 		add	r3, r2, r3
 1937 0218 003093E5 		ldr	r3, [r3, #0]
 1938 021c 012083E2 		add	r2, r3, #1
 1939 0220 C0009FE5 		ldr	r0, .L17+4
 1940 0224 20101BE5 		ldr	r1, [fp, #-32]
 1941 0228 0830A0E3 		mov	r3, #8
 1942 022c 0112A0E1 		mov	r1, r1, asl #4
 1943 0230 011080E0 		add	r1, r0, r1
 1944 0234 033081E0 		add	r3, r1, r3
 1945 0238 002083E5 		str	r2, [r3, #0]
 1946 023c A4109FE5 		ldr	r1, .L17+4
 1947 0240 20201BE5 		ldr	r2, [fp, #-32]
 1948 0244 0830A0E3 		mov	r3, #8
 1949 0248 0222A0E1 		mov	r2, r2, asl #4
 1950 024c 022081E0 		add	r2, r1, r2
 1951 0250 033082E0 		add	r3, r2, r3
 1952 0254 002093E5 		ldr	r2, [r3, #0]
 1953 0258 88009FE5 		ldr	r0, .L17+4
 1954 025c 20101BE5 		ldr	r1, [fp, #-32]
 1955 0260 0430A0E3 		mov	r3, #4
 1956 0264 0112A0E1 		mov	r1, r1, asl #4
 1957 0268 011080E0 		add	r1, r0, r1
 1958 026c 033081E0 		add	r3, r1, r3
 1959 0270 003093E5 		ldr	r3, [r3, #0]
 1960 0274 030052E1 		cmp	r2, r3
 1961 0278 0F00001A 		bne	.L15
  63:../kernelcoop.c ****             {
  64:../kernelcoop.c ****                 tasks[id].ticks = 0;                    /* Inicializa a 0 su contador de ticks */
 1962              		.loc 1 64 0
 1963 027c 64109FE5 		ldr	r1, .L17+4
 1964 0280 20201BE5 		ldr	r2, [fp, #-32]
 1965 0284 0830A0E3 		mov	r3, #8
 1966 0288 0222A0E1 		mov	r2, r2, asl #4
 1967 028c 022081E0 		add	r2, r1, r2
 1968 0290 033082E0 		add	r3, r2, r3
 1969 0294 0020A0E3 		mov	r2, #0
 1970 0298 002083E5 		str	r2, [r3, #0]
  65:../kernelcoop.c ****                 tasks[id].ready = TRUE;                 /* Pasa la tarea a estado "preparado" */
 1971              		.loc 1 65 0
 1972 029c 44109FE5 		ldr	r1, .L17+4
 1973 02a0 20201BE5 		ldr	r2, [fp, #-32]
 1974 02a4 0830A0E3 		mov	r3, #8
 1975 02a8 0222A0E1 		mov	r2, r2, asl #4
 1976 02ac 022081E0 		add	r2, r1, r2
 1977 02b0 033082E0 		add	r3, r2, r3
 1978 02b4 0120A0E3 		mov	r2, #1
 1979 02b8 0420C3E5 		strb	r2, [r3, #4]
 1980              	.L15:
  60:../kernelcoop.c ****     for( id=0; id<MAX_TASKS; id++ )                     /* Recorre la lista completa de TCB */
 1981              		.loc 1 60 0
 1982 02bc 20301BE5 		ldr	r3, [fp, #-32]
 1983 02c0 013083E2 		add	r3, r3, #1
 1984 02c4 20300BE5 		str	r3, [fp, #-32]
 1985              	.L14:
  60:../kernelcoop.c ****     for( id=0; id<MAX_TASKS; id++ )                     /* Recorre la lista completa de TCB */
 1986              		.loc 1 60 0 is_stmt 0 discriminator 1
 1987 02c8 20301BE5 		ldr	r3, [fp, #-32]
 1988 02cc 090053E3 		cmp	r3, #9
 1989 02d0 C5FFFF9A 		bls	.L16
  66:../kernelcoop.c ****             };
  67:../kernelcoop.c **** };
 1990              		.loc 1 67 0 is_stmt 1
 1991 02d4 1CD04BE2 		sub	sp, fp, #28
 1992 02d8 0F689DE8 		ldmfd	sp, {r0, r1, r2, r3, fp, sp, lr}
 1993 02dc 04C09DE4 		ldmfd	sp!, {ip}
 1994 02e0 04F05EE2 		subs	pc, lr, #4
 1995              	.L18:
 1996              		.align	2
 1997              	.L17:
 1998 02e4 2400E001 		.word	31457316
 1999 02e8 00000000 		.word	tasks
 2000              		.cfi_endproc
 2001              	.LFE3:
 2003              		.align	2
 2004              		.global	dispacher
 2006              	dispacher:
 2007              	.LFB4:
  68:../kernelcoop.c ****     
  69:../kernelcoop.c **** void dispacher( void )
  70:../kernelcoop.c **** {
 2008              		.loc 1 70 0
 2009              		.cfi_startproc
 2010              		@ Function supports interworking.
 2011              		@ args = 0, pretend = 0, frame = 8
 2012              		@ frame_needed = 1, uses_anonymous_args = 0
 2013 02ec 0DC0A0E1 		mov	ip, sp
 2014              	.LCFI8:
 2015              		.cfi_def_cfa_register 12
 2016 02f0 00D82DE9 		stmfd	sp!, {fp, ip, lr, pc}
 2017 02f4 04B04CE2 		sub	fp, ip, #4
 2018              		.cfi_offset 14, -8
 2019              		.cfi_offset 13, -12
 2020              		.cfi_offset 11, -16
 2021              	.LCFI9:
 2022              		.cfi_def_cfa 11, 4
 2023 02f8 08D04DE2 		sub	sp, sp, #8
  71:../kernelcoop.c ****     uint32 id;
  72:../kernelcoop.c ****     
  73:../kernelcoop.c ****     for( id=0; id<MAX_TASKS; id++ )                     /* Recorre la lista completa de TCB */
 2024              		.loc 1 73 0
 2025 02fc 0030A0E3 		mov	r3, #0
 2026 0300 10300BE5 		str	r3, [fp, #-16]
 2027 0304 180000EA 		b	.L20
 2028              	.L22:
  74:../kernelcoop.c ****         if( tasks[id].ready == TRUE )                   /* Si la tarea está en estado "preparado": 
 2029              		.loc 1 74 0
 2030 0308 74109FE5 		ldr	r1, .L23
 2031 030c 10201BE5 		ldr	r2, [fp, #-16]
 2032 0310 0830A0E3 		mov	r3, #8
 2033 0314 0222A0E1 		mov	r2, r2, asl #4
 2034 0318 022081E0 		add	r2, r1, r2
 2035 031c 033082E0 		add	r3, r2, r3
 2036 0320 0430D3E5 		ldrb	r3, [r3, #4]	@ zero_extendqisi2
 2037 0324 010053E3 		cmp	r3, #1
 2038 0328 0C00001A 		bne	.L21
  75:../kernelcoop.c ****         {
  76:../kernelcoop.c ****             (*tasks[id].pfunction)();                   /* La ejecuta */
 2039              		.loc 1 76 0
 2040 032c 50309FE5 		ldr	r3, .L23
 2041 0330 10201BE5 		ldr	r2, [fp, #-16]
 2042 0334 023293E7 		ldr	r3, [r3, r2, asl #4]
 2043 0338 0FE0A0E1 		mov	lr, pc
 2044 033c 13FF2FE1 		bx	r3
  77:../kernelcoop.c ****             tasks[id].ready = FALSE;                    /* Pasa la tarea a estado "no preparado" */
 2045              		.loc 1 77 0
 2046 0340 3C109FE5 		ldr	r1, .L23
 2047 0344 10201BE5 		ldr	r2, [fp, #-16]
 2048 0348 0830A0E3 		mov	r3, #8
 2049 034c 0222A0E1 		mov	r2, r2, asl #4
 2050 0350 022081E0 		add	r2, r1, r2
 2051 0354 033082E0 		add	r3, r2, r3
 2052 0358 0020A0E3 		mov	r2, #0
 2053 035c 0420C3E5 		strb	r2, [r3, #4]
 2054              	.L21:
  73:../kernelcoop.c ****     for( id=0; id<MAX_TASKS; id++ )                     /* Recorre la lista completa de TCB */
 2055              		.loc 1 73 0
 2056 0360 10301BE5 		ldr	r3, [fp, #-16]
 2057 0364 013083E2 		add	r3, r3, #1
 2058 0368 10300BE5 		str	r3, [fp, #-16]
 2059              	.L20:
  73:../kernelcoop.c ****     for( id=0; id<MAX_TASKS; id++ )                     /* Recorre la lista completa de TCB */
 2060              		.loc 1 73 0 is_stmt 0 discriminator 1
 2061 036c 10301BE5 		ldr	r3, [fp, #-16]
 2062 0370 090053E3 		cmp	r3, #9
 2063 0374 E3FFFF9A 		bls	.L22
  78:../kernelcoop.c ****         }
  79:../kernelcoop.c **** };
 2064              		.loc 1 79 0 is_stmt 1
 2065 0378 0CD04BE2 		sub	sp, fp, #12
 2066 037c 00689DE8 		ldmfd	sp, {fp, sp, lr}
 2067 0380 1EFF2FE1 		bx	lr
 2068              	.L24:
 2069              		.align	2
 2070              	.L23:
 2071 0384 00000000 		.word	tasks
 2072              		.cfi_endproc
 2073              	.LFE4:
 2075              	.Letext0:
DEFINED SYMBOLS
                            *ABS*:00000000 kernelcoop.c
C:\Users\alber\AppData\Local\Temp\ccCkZUvn.s:1682   .bss:00000000 $d
C:\Users\alber\AppData\Local\Temp\ccCkZUvn.s:1683   .bss:00000000 tasks
C:\Users\alber\AppData\Local\Temp\ccCkZUvn.s:1686   .text:00000000 $a
C:\Users\alber\AppData\Local\Temp\ccCkZUvn.s:1689   .text:00000000 delete_task
C:\Users\alber\AppData\Local\Temp\ccCkZUvn.s:1747   .text:00000090 $d
C:\Users\alber\AppData\Local\Temp\ccCkZUvn.s:1751   .text:00000094 $a
C:\Users\alber\AppData\Local\Temp\ccCkZUvn.s:1754   .text:00000094 create_task
C:\Users\alber\AppData\Local\Temp\ccCkZUvn.s:1840   .text:00000174 $d
C:\Users\alber\AppData\Local\Temp\ccCkZUvn.s:1844   .text:00000178 $a
C:\Users\alber\AppData\Local\Temp\ccCkZUvn.s:1847   .text:00000178 scheduler_init
C:\Users\alber\AppData\Local\Temp\ccCkZUvn.s:1892   .text:000001c0 scheduler
C:\Users\alber\AppData\Local\Temp\ccCkZUvn.s:1998   .text:000002e4 $d
C:\Users\alber\AppData\Local\Temp\ccCkZUvn.s:2003   .text:000002ec $a
C:\Users\alber\AppData\Local\Temp\ccCkZUvn.s:2006   .text:000002ec dispacher
C:\Users\alber\AppData\Local\Temp\ccCkZUvn.s:2071   .text:00000384 $d
                     .debug_frame:00000010 $d

NO UNDEFINED SYMBOLS
